2015-03-02T15:06:02.569+0800: 2.633: [GC [PSYoungGen: 334336K->26990K(389632K)] 334336K->26998K(1279488K), 0.0270770 secs] [Times: user=0.07 sys=0.01, real=0.03 secs] 
2015-03-02T15:06:05.991+0800: 6.054: [GC [PSYoungGen: 355118K->55293K(390144K)] 355126K->59838K(1280000K), 0.0629510 secs] [Times: user=0.18 sys=0.02, real=0.06 secs] 
2015-03-02T15:06:07.885+0800: 7.948: [GC [PSYoungGen: 390141K->46055K(390144K)] 394686K->195096K(1280000K), 0.1404070 secs] [Times: user=0.50 sys=0.02, real=0.14 secs] 
2015-03-02T15:06:09.786+0800: 9.849: [GC [PSYoungGen: 380903K->55277K(390144K)] 530794K->232960K(1280000K), 0.1015550 secs] [Times: user=0.28 sys=0.02, real=0.10 secs] 
2015-03-02T15:06:11.090+0800: 11.154: [GC [PSYoungGen: 390125K->55269K(390144K)] 567837K->274724K(1280000K), 0.1097680 secs] [Times: user=0.39 sys=0.03, real=0.11 secs] 
2015-03-02T15:06:11.204+0800: 11.268: [GC [PSYoungGen: 65588K->55286K(288768K)] 285044K->274853K(1178624K), 0.0795360 secs] [Times: user=0.31 sys=0.00, real=0.08 secs] 
2015-03-02T15:06:12.045+0800: 12.108: [GC [PSYoungGen: 288758K->61543K(339456K)] 508326K->307021K(1229312K), 0.1045220 secs] [Times: user=0.37 sys=0.00, real=0.11 secs] 
2015-03-02T15:06:12.954+0800: 13.017: [GC [PSYoungGen: 295015K->52288K(348160K)] 540510K->319818K(1238016K), 0.0812480 secs] [Times: user=0.28 sys=0.01, real=0.08 secs] 
2015-03-02T15:06:14.057+0800: 14.121: [GC [PSYoungGen: 301120K->61455K(345600K)] 568677K->335757K(1235456K), 0.0541510 secs] [Times: user=0.17 sys=0.00, real=0.05 secs] 
2015-03-02T15:06:15.043+0800: 15.106: [GC [PSYoungGen: 310287K->52328K(353280K)] 584595K->338175K(1243136K), 0.0525450 secs] [Times: user=0.16 sys=0.00, real=0.06 secs] 
2015-03-02T15:06:15.097+0800: 15.161: [GC [PSYoungGen: 52663K->64K(260608K)] 338510K->331234K(1150464K), 0.0411630 secs] [Times: user=0.12 sys=0.03, real=0.04 secs] 
2015-03-02T15:06:18.516+0800: 18.579: [GC [PSYoungGen: 260160K->46765K(350208K)] 591330K->377944K(1240064K), 0.0571060 secs] [Times: user=0.19 sys=0.00, real=0.05 secs] 
2015-03-02T15:06:20.929+0800: 20.992: [GC [PSYoungGen: 298669K->28612K(347136K)] 629848K->380408K(1236992K), 0.0978370 secs] [Times: user=0.37 sys=0.00, real=0.10 secs] 
2015-03-02T15:06:27.993+0800: 28.056: [GC [PSYoungGen: 280516K->23901K(349696K)] 632312K->391892K(1239552K), 0.0535340 secs] [Times: user=0.17 sys=0.01, real=0.06 secs] 
2015-03-02T15:09:35.077+0800: 215.140: [GC [PSYoungGen: 278365K->5299K(260096K)] 646356K->389490K(1149952K), 0.0359380 secs] [Times: user=0.13 sys=0.00, real=0.03 secs] 
2015-03-02T15:13:41.488+0800: 461.551: [GC [PSYoungGen: 259763K->624K(343552K)] 643954K->386563K(1233408K), 0.0176920 secs] [Times: user=0.06 sys=0.01, real=0.01 secs] 
2015-03-02T15:17:42.611+0800: 702.675: [GC [PSYoungGen: 246384K->224K(246272K)] 632323K->386259K(1136128K), 0.0152190 secs] [Times: user=0.06 sys=0.00, real=0.02 secs] 
2015-03-02T15:21:48.753+0800: 948.816: [GC [PSYoungGen: 245984K->688K(345600K)] 632019K->386771K(1235456K), 0.0229900 secs] [Times: user=0.08 sys=0.00, real=0.03 secs] 
2015-03-02T15:25:49.813+0800: 1189.877: [GC [PSYoungGen: 245936K->512K(345088K)] 632019K->386659K(1234944K), 0.0204130 secs] [Times: user=0.07 sys=0.00, real=0.02 secs] 
2015-03-02T15:29:50.833+0800: 1430.896: [GC [PSYoungGen: 245760K->416K(348672K)] 631907K->386635K(1238528K), 0.0166620 secs] [Times: user=0.06 sys=0.00, real=0.02 secs] 
2015-03-02T15:33:56.699+0800: 1676.763: [GC [PSYoungGen: 250784K->240K(346624K)] 637003K->386507K(1236480K), 0.0151110 secs] [Times: user=0.04 sys=0.00, real=0.01 secs] 
2015-03-02T15:38:03.457+0800: 1923.520: [GC [PSYoungGen: 250608K->272K(354304K)] 636875K->386603K(1244160K), 0.0185020 secs] [Times: user=0.07 sys=0.00, real=0.02 secs] 
2015-03-02T15:42:18.701+0800: 2178.764: [GC [PSYoungGen: 260880K->592K(351232K)] 647211K->386995K(1241088K), 0.0137850 secs] [Times: user=0.05 sys=0.00, real=0.01 secs] 
2015-03-02T15:46:39.737+0800: 2439.800: [GC [PSYoungGen: 261200K->624K(361472K)] 647603K->387147K(1251328K), 0.0190610 secs] [Times: user=0.06 sys=0.00, real=0.02 secs] 
2015-03-02T15:51:10.714+0800: 2710.777: [GC [PSYoungGen: 275056K->432K(357888K)] 661579K->387027K(1247744K), 0.0144360 secs] [Times: user=0.04 sys=0.00, real=0.02 secs] 
2015-03-02T15:55:41.705+0800: 2981.768: [GC [PSYoungGen: 274864K->592K(369152K)] 661459K->387251K(1259008K), 0.0156840 secs] [Times: user=0.04 sys=0.00, real=0.02 secs] 
2015-03-02T16:00:22.813+0800: 3262.876: [GC [PSYoungGen: 289872K->432K(365056K)] 676531K->387147K(1254912K), 0.0189300 secs] [Times: user=0.06 sys=0.00, real=0.02 secs] 
2015-03-02T16:05:13.565+0800: 3553.629: [GC [PSYoungGen: 289712K->528K(376832K)] 676427K->387315K(1266688K), 0.0238700 secs] [Times: user=0.07 sys=0.00, real=0.03 secs] 
2015-03-02T16:10:09.936+0800: 3849.999: [GC [PSYoungGen: 305168K->240K(372736K)] 691955K->387099K(1262592K), 0.0255230 secs] [Times: user=0.06 sys=0.00, real=0.02 secs] 
2015-03-02T16:15:05.363+0800: 4145.426: [GC [PSYoungGen: 304880K->752K(384000K)] 691739K->387683K(1273856K), 0.0177910 secs] [Times: user=0.06 sys=0.00, real=0.02 secs] 
2015-03-02T16:20:18.551+0800: 4458.614: [GC [PSYoungGen: 320240K->400K(380416K)] 707171K->387435K(1270272K), 0.0134170 secs] [Times: user=0.05 sys=0.00, real=0.01 secs] 
2015-03-02T16:25:32.364+0800: 4772.427: [GC [PSYoungGen: 319888K->560K(391168K)] 706923K->387659K(1281024K), 0.0204790 secs] [Times: user=0.06 sys=0.00, real=0.02 secs] 
2015-03-02T16:30:58.451+0800: 5098.514: [GC [PSYoungGen: 334384K->704K(387584K)] 721483K->387867K(1277440K), 0.0139800 secs] [Times: user=0.03 sys=0.00, real=0.01 secs] 
2015-03-02T16:36:29.629+0800: 5429.692: [GC [PSYoungGen: 334528K->1018K(397824K)] 721691K->388277K(1287680K), 0.0215120 secs] [Times: user=0.07 sys=0.00, real=0.02 secs] 
2015-03-02T16:42:10.723+0800: 5770.786: [GC [PSYoungGen: 348666K->624K(394752K)] 735925K->388084K(1284608K), 0.0189500 secs] [Times: user=0.04 sys=0.01, real=0.02 secs] 
2015-03-02T16:47:54.574+0800: 6114.637: [GC [PSYoungGen: 348272K->368K(403968K)] 735732K->387892K(1293824K), 0.0172440 secs] [Times: user=0.03 sys=0.00, real=0.02 secs] 
2015-03-02T16:53:47.706+0800: 6467.769: [GC [PSYoungGen: 360304K->432K(400896K)] 747828K->388060K(1290752K), 0.0183000 secs] [Times: user=0.05 sys=0.00, real=0.01 secs] 
2015-03-02T16:59:42.238+0800: 6822.301: [GC [PSYoungGen: 360368K->304K(409088K)] 747996K->388004K(1298944K), 0.0210720 secs] [Times: user=0.06 sys=0.00, real=0.02 secs] 
2015-03-02T17:05:44.793+0800: 7184.857: [GC [PSYoungGen: 370992K->496K(406528K)] 758692K->388284K(1296384K), 0.0225690 secs] [Times: user=0.07 sys=0.00, real=0.03 secs] 
2015-03-02T17:11:51.035+0800: 7551.098: [GC [PSYoungGen: 371184K->432K(414208K)] 758972K->388292K(1304064K), 0.0208300 secs] [Times: user=0.05 sys=0.00, real=0.02 secs] 
2015-03-02T17:18:12.366+0800: 7932.429: [GC [PSYoungGen: 381360K->496K(411648K)] 769220K->388444K(1301504K), 0.0136930 secs] [Times: user=0.05 sys=0.00, real=0.01 secs] 
2015-03-02T17:24:20.709+0800: 8300.772: [GC [PSYoungGen: 381424K->400K(418304K)] 769372K->388428K(1308160K), 0.0139670 secs] [Times: user=0.05 sys=0.00, real=0.01 secs] 
2015-03-02T17:30:39.879+0800: 8679.943: [GC [PSYoungGen: 390032K->688K(416256K)] 778060K->388828K(1306112K), 0.0195910 secs] [Times: user=0.05 sys=0.00, real=0.02 secs] 
2015-03-02T17:37:01.241+0800: 9061.305: [GC [PSYoungGen: 390320K->752K(421888K)] 778460K->388996K(1311744K), 0.0154520 secs] [Times: user=0.05 sys=0.00, real=0.02 secs] 
2015-03-02T17:43:37.649+0800: 9457.713: [GC [PSYoungGen: 398064K->592K(420352K)] 786308K->388908K(1310208K), 0.0142600 secs] [Times: user=0.04 sys=0.00, real=0.01 secs] 
2015-03-02T17:50:08.937+0800: 9849.000: [GC [PSYoungGen: 397904K->608K(424960K)] 786220K->389020K(1314816K), 0.0147550 secs] [Times: user=0.04 sys=0.00, real=0.01 secs] 
2015-03-02T17:56:40.224+0800: 10240.288: [GC [PSYoungGen: 404064K->608K(423424K)] 792476K->389092K(1313280K), 0.0212960 secs] [Times: user=0.07 sys=0.00, real=0.03 secs] 
2015-03-02T18:03:16.644+0800: 10636.707: [GC [PSYoungGen: 404064K->624K(428032K)] 792548K->389244K(1317888K), 0.0151290 secs] [Times: user=0.05 sys=0.00, real=0.02 secs] 
Heap
 PSYoungGen      total 428032K, used 70017K [0x00000000e4d00000, 0x00000000fff80000, 0x0000000100000000)
  eden space 409600K, 16% used [0x00000000e4d00000,0x00000000e90c4608,0x00000000fdd00000)
  from space 18432K, 3% used [0x00000000fed80000,0x00000000fee1c010,0x00000000fff80000)
  to   space 16896K, 0% used [0x00000000fdd00000,0x00000000fdd00000,0x00000000fed80000)
 ParOldGen       total 889856K, used 388620K [0x00000000ae800000, 0x00000000e4d00000, 0x00000000e4d00000)
  object space 889856K, 43% used [0x00000000ae800000,0x00000000c6383090,0x00000000e4d00000)
 PSPermGen       total 120320K, used 120303K [0x000000009e800000, 0x00000000a5d80000, 0x00000000ae800000)
  object space 120320K, 99% used [0x000000009e800000,0x00000000a5d7bf00,0x00000000a5d80000)
